<html>
<body>
<pre>
<h1>µVision Build Log</h1>
<h2>Project:</h2>
C:\Users\student\Desktop\mtm_ppsw\Archive\8_Interrupts\8.5 zal\ORLOWSKI.uvproj
Project File Date:  05/30/2019

<h2>Output:</h2>
Rebuild target 'Target 1'
assembling Startup.s...
compiling keyboard.c...
compiling led.c...
compiling main.c...
compiling timer.c...
compiling timer_interrupts.c...
linking...
.\ORLOWSKI.axf: Error: L6218E: Undefined symbol Timer0Interrupts_Init (referred from main.o).
".\ORLOWSKI.axf" - 1 Errors, 0 Warning(s).
Target not created
Rebuild target 'Target 1'
assembling Startup.s...
compiling keyboard.c...
compiling led.c...
compiling main.c...
main.c(42): warning:  #223-D: function "Timer01Interrupts_Init" declared implicitly
compiling timer.c...
compiling timer_interrupts.c...
linking...
Program Size: Code=1632 RO-data=32 RW-data=12 ZI-data=1260  
FromELF: creating hex file...
".\ORLOWSKI.axf" - 0 Errors, 1 Warning(s).
Rebuild target 'Target 1'
assembling Startup.s...
compiling keyboard.c...
compiling led.c...
compiling main.c...
main.c(42): warning:  #223-D: function "Timer01Interrupts_Init" declared implicitly
compiling timer.c...
compiling timer_interrupts.c...
linking...
Program Size: Code=1640 RO-data=32 RW-data=12 ZI-data=1260  
FromELF: creating hex file...
".\ORLOWSKI.axf" - 0 Errors, 1 Warning(s).
Rebuild target 'Target 1'
assembling Startup.s...
compiling keyboard.c...
compiling led.c...
compiling main.c...
main.c(42): warning:  #223-D: function "Timer01Interrupts_Init" declared implicitly
compiling timer.c...
compiling timer_interrupts.c...
linking...
Program Size: Code=1640 RO-data=32 RW-data=12 ZI-data=1260  
FromELF: creating hex file...
".\ORLOWSKI.axf" - 0 Errors, 1 Warning(s).
Rebuild target 'Target 1'
assembling Startup.s...
compiling keyboard.c...
compiling led.c...
compiling main.c...
main.c(42): warning:  #223-D: function "Timer01Interrupts_Init" declared implicitly
compiling timer.c...
compiling timer_interrupts.c...
linking...
Program Size: Code=1640 RO-data=32 RW-data=12 ZI-data=1260  
FromELF: creating hex file...
".\ORLOWSKI.axf" - 0 Errors, 1 Warning(s).
Rebuild target 'Target 1'
assembling Startup.s...
compiling keyboard.c...
compiling led.c...
compiling main.c...
compiling timer.c...
compiling timer_interrupts.c...
linking...
Program Size: Code=1640 RO-data=32 RW-data=12 ZI-data=1260  
FromELF: creating hex file...
".\ORLOWSKI.axf" - 0 Errors, 0 Warning(s).
Rebuild target 'Target 1'
assembling Startup.s...
compiling keyboard.c...
compiling led.c...
compiling main.c...
compiling timer.c...
compiling timer_interrupts.c...
linking...
Program Size: Code=1712 RO-data=32 RW-data=16 ZI-data=1256  
FromELF: creating hex file...
".\ORLOWSKI.axf" - 0 Errors, 0 Warning(s).
Rebuild target 'Target 1'
assembling Startup.s...
compiling keyboard.c...
compiling led.c...
compiling main.c...
compiling timer.c...
compiling timer_interrupts.c...
linking...
Program Size: Code=1712 RO-data=32 RW-data=16 ZI-data=1256  
FromELF: creating hex file...
".\ORLOWSKI.axf" - 0 Errors, 0 Warning(s).
Rebuild target 'Target 1'
assembling Startup.s...
compiling keyboard.c...
compiling led.c...
compiling main.c...
compiling timer.c...
compiling timer_interrupts.c...
linking...
Program Size: Code=1712 RO-data=32 RW-data=16 ZI-data=1256  
FromELF: creating hex file...
".\ORLOWSKI.axf" - 0 Errors, 0 Warning(s).
Rebuild target 'Target 1'
assembling Startup.s...
compiling keyboard.c...
compiling led.c...
compiling main.c...
compiling timer.c...
compiling timer_interrupts.c...
linking...
Program Size: Code=1712 RO-data=32 RW-data=16 ZI-data=1256  
FromELF: creating hex file...
".\ORLOWSKI.axf" - 0 Errors, 0 Warning(s).
