<html>
<body>
<pre>
<h1>µVision Build Log</h1>
<h2>Project:</h2>
C:\Users\Rejmi\Documents\STUDIA\S2\Systemy wbudowane\mtm_ppsw\Current\ORLOWSKI.uvproj
Project File Date:  07/07/2019

<h2>Output:</h2>
Rebuild target 'Target 1'
assembling Startup.s...
compiling keyboard.c...
compiling led.c...
compiling main.c...
uart.h(15): warning:  #1-D: last line of file ends without a newline
compiling timer.c...
compiling timer_interrupts.c...
compiling servo.c...
compiling uart.c...
uart.h(15): warning:  #1-D: last line of file ends without a newline
linking...
Program Size: Code=2092 RO-data=32 RW-data=12 ZI-data=1260  
FromELF: creating hex file...
".\ORLOWSKI.axf" - 0 Errors, 2 Warning(s).
Rebuild target 'Target 1'
assembling Startup.s...
compiling keyboard.c...
compiling led.c...
compiling main.c...
compiling timer.c...
compiling timer_interrupts.c...
compiling servo.c...
compiling uart.c...
linking...
Program Size: Code=2092 RO-data=32 RW-data=12 ZI-data=1260  
FromELF: creating hex file...
".\ORLOWSKI.axf" - 0 Errors, 0 Warning(s).
Rebuild target 'Target 1'
assembling Startup.s...
compiling keyboard.c...
compiling led.c...
compiling main.c...
compiling timer.c...
compiling timer_interrupts.c...
compiling servo.c...
compiling uart.c...
linking...
Program Size: Code=2092 RO-data=32 RW-data=12 ZI-data=1260  
FromELF: creating hex file...
".\ORLOWSKI.axf" - 0 Errors, 0 Warning(s).
Rebuild target 'Target 1'
assembling Startup.s...
compiling keyboard.c...
compiling led.c...
compiling main.c...
compiling timer.c...
compiling timer_interrupts.c...
compiling servo.c...
compiling uart.c...
linking...
Program Size: Code=1644 RO-data=32 RW-data=8 ZI-data=1256  
FromELF: creating hex file...
".\ORLOWSKI.axf" - 0 Errors, 0 Warning(s).
Rebuild target 'Target 1'
assembling Startup.s...
compiling keyboard.c...
compiling led.c...
compiling main.c...
compiling timer.c...
compiling timer_interrupts.c...
compiling servo.c...
compiling uart.c...
linking...
Program Size: Code=1640 RO-data=32 RW-data=8 ZI-data=1256  
FromELF: creating hex file...
".\ORLOWSKI.axf" - 0 Errors, 0 Warning(s).
Rebuild target 'Target 1'
assembling Startup.s...
compiling keyboard.c...
compiling led.c...
compiling main.c...
main.c(10): error:  #20: identifier "sReceiverBuffer" is undefined
compiling timer.c...
compiling timer_interrupts.c...
compiling servo.c...
compiling uart.c...
".\ORLOWSKI.axf" - 1 Errors, 0 Warning(s).
Target not created
Rebuild target 'Target 1'
assembling Startup.s...
compiling keyboard.c...
compiling led.c...
compiling main.c...
compiling timer.c...
compiling timer_interrupts.c...
compiling servo.c...
compiling uart.c...
linking...
Program Size: Code=1652 RO-data=32 RW-data=8 ZI-data=1256  
FromELF: creating hex file...
".\ORLOWSKI.axf" - 0 Errors, 0 Warning(s).
Rebuild target 'Target 1'
assembling Startup.s...
compiling keyboard.c...
compiling led.c...
compiling main.c...
compiling timer.c...
compiling timer_interrupts.c...
compiling servo.c...
compiling uart.c...
linking...
Program Size: Code=1696 RO-data=32 RW-data=8 ZI-data=1256  
FromELF: creating hex file...
".\ORLOWSKI.axf" - 0 Errors, 0 Warning(s).
Rebuild target 'Target 1'
assembling Startup.s...
compiling keyboard.c...
compiling led.c...
compiling main.c...
compiling timer.c...
compiling timer_interrupts.c...
compiling servo.c...
compiling uart.c...
linking...
Program Size: Code=1696 RO-data=32 RW-data=8 ZI-data=1256  
FromELF: creating hex file...
".\ORLOWSKI.axf" - 0 Errors, 0 Warning(s).
