<html>
<body>
<pre>
<h1>µVision Build Log</h1>
<h2>Project:</h2>
C:\Users\Rejmi\Documents\STUDIA\S2\Systemy wbudowane\mtm_ppsw\Archive\10_UART\10.1\ORLOWSKI.uvproj
Project File Date:  07/07/2019

<h2>Output:</h2>
Rebuild target 'Target 1'
assembling Startup.s...
compiling keyboard.c...
compiling led.c...
compiling main.c...
compiling timer.c...
compiling timer_interrupts.c...
compiling servo.c...
compiling uart.c...
linking...
Program Size: Code=1384 RO-data=32 RW-data=4 ZI-data=1260  
FromELF: creating hex file...
".\ORLOWSKI.axf" - 0 Errors, 0 Warning(s).
Rebuild target 'Target 1'
assembling Startup.s...
compiling keyboard.c...
compiling led.c...
compiling main.c...
compiling timer.c...
compiling timer_interrupts.c...
compiling servo.c...
compiling uart.c...
linking...
Program Size: Code=1384 RO-data=32 RW-data=4 ZI-data=1260  
FromELF: creating hex file...
".\ORLOWSKI.axf" - 0 Errors, 0 Warning(s).
