<html>
<body>
<pre>
<h1>µVision Build Log</h1>
<h2>Project:</h2>
C:\Users\Rejmi\Documents\STUDIA\2 semestr\Systemy wbudowane\mtm_ppsw\Current\ORLOWSKI.uvproj
Project File Date:  05/31/2019

<h2>Output:</h2>
Rebuild target 'Target 1'
assembling Startup.s...
compiling keyboard.c...
compiling led.c...
compiling main.c...
servo.h(18): warning:  #1-D: last line of file ends without a newline
servo.h(18): warning:  #1295-D: Deprecated declaration ServoAutomat - give arg types
compiling timer.c...
compiling timer_interrupts.c...
compiling servo.c...
servo.h(18): warning:  #1-D: last line of file ends without a newline
servo.h(18): warning:  #1295-D: Deprecated declaration ServoAutomat - give arg types
linking...
.\ORLOWSKI.axf: Error: L6200E: Symbol sServo multiply defined (by servo.o and main.o).
".\ORLOWSKI.axf" - 1 Errors, 4 Warning(s).
Target not created
Build target 'Target 1'
compiling main.c...
compiling servo.c...
linking...
.\ORLOWSKI.axf: Error: L6200E: Symbol sServo multiply defined (by servo.o and main.o).
".\ORLOWSKI.axf" - 1 Errors, 0 Warning(s).
Target not created
Rebuild target 'Target 1'
assembling Startup.s...
compiling keyboard.c...
compiling led.c...
compiling main.c...
compiling timer.c...
compiling timer_interrupts.c...
compiling servo.c...
linking...
Program Size: Code=2300 RO-data=32 RW-data=8 ZI-data=1272  
FromELF: creating hex file...
".\ORLOWSKI.axf" - 0 Errors, 0 Warning(s).
