<html>
<body>
<pre>
<h1>µVision Build Log</h1>
<h2>Project:</h2>
C:\Users\Rejmi\Documents\STUDIA\S2\Systemy wbudowane\mtm_ppsw\Current\ORLOWSKI.uvproj
Project File Date:  07/07/2019

<h2>Output:</h2>
Rebuild target 'Target 1'
assembling Startup.s...
compiling keyboard.c...
compiling led.c...
compiling main.c...
compiling timer.c...
compiling timer_interrupts.c...
compiling servo.c...
compiling uart.c...
compiling string.c...
string.h(7): error:  #20: identifier "class" is undefined
string.h(7): error:  #65: expected a ";"
string.h(12): warning:  #12-D: parsing restarts here after previous syntax error
string.h(14): warning:  #1-D: last line of file ends without a newline
string.c(3): error:  #65: expected a ";"
string.c(47): warning:  #12-D: parsing restarts here after previous syntax error
string.c(48): error:  #169: expected a declaration
string.c(51): error:  #169: expected a declaration
".\ORLOWSKI.axf" - 5 Errors, 3 Warning(s).
Target not created
Rebuild target 'Target 1'
assembling Startup.s...
compiling keyboard.c...
compiling led.c...
compiling main.c...
compiling timer.c...
compiling timer_interrupts.c...
compiling servo.c...
compiling uart.c...
compiling string.c...
string.h(6): warning:  #1-D: last line of file ends without a newline
linking...
Program Size: Code=2840 RO-data=32 RW-data=20 ZI-data=1284  
FromELF: creating hex file...
".\ORLOWSKI.axf" - 0 Errors, 1 Warning(s).
Rebuild target 'Target 1'
assembling Startup.s...
compiling keyboard.c...
compiling led.c...
compiling main.c...
compiling timer.c...
compiling timer_interrupts.c...
compiling servo.c...
compiling uart.c...
compiling string.c...
compiling command_decoder.c...
string.h(1): error:  #101: "CompResult" has already been declared in the current scope
string.h(1): error:  #101: "DIFFERENT" has already been declared in the current scope
string.h(1): error:  #101: "EQUAL" has already been declared in the current scope
string.h(2): error:  #101: "Result" has already been declared in the current scope
string.h(2): error:  #101: "OK" has already been declared in the current scope
string.h(2): error:  #101: "ERR" has already been declared in the current scope
string.h(4): error:  #147-D: declaration is incompatible with "enum CompResult eCompareString(char *, char *)" (declared at line 4)
string.h(6): error:  #147-D: declaration is incompatible with "enum Result eHexStringToUInt(char *, unsigned int *)" (declared at line 6)
command_decoder.c(10): error:  #268: declaration may not appear after executable statement in block
command_decoder.c(11): error:  #268: declaration may not appear after executable statement in block
command_decoder.c(12): error:  #268: declaration may not appear after executable statement in block
command_decoder.c(13): error:  #268: declaration may not appear after executable statement in block
command_decoder.c(45): error:  #147-D: declaration is incompatible with "enum Result eStringToKeyword(char *, enum KeywordCode *)" (declared at line 28 of "command_decoder.h")
".\ORLOWSKI.axf" - 13 Errors, 0 Warning(s).
Target not created
Rebuild target 'Target 1'
assembling Startup.s...
compiling keyboard.c...
compiling led.c...
compiling main.c...
compiling timer.c...
compiling timer_interrupts.c...
compiling servo.c...
compiling uart.c...
compiling string.c...
compiling command_decoder.c...
command_decoder.c(10): error:  #268: declaration may not appear after executable statement in block
command_decoder.c(11): error:  #268: declaration may not appear after executable statement in block
command_decoder.c(12): error:  #268: declaration may not appear after executable statement in block
command_decoder.c(13): error:  #268: declaration may not appear after executable statement in block
".\ORLOWSKI.axf" - 4 Errors, 0 Warning(s).
Target not created
Rebuild target 'Target 1'
assembling Startup.s...
compiling keyboard.c...
compiling led.c...
compiling main.c...
compiling timer.c...
compiling timer_interrupts.c...
compiling servo.c...
compiling uart.c...
compiling string.c...
compiling command_decoder.c...
command_decoder.c(10): error:  #268: declaration may not appear after executable statement in block
command_decoder.c(11): error:  #268: declaration may not appear after executable statement in block
command_decoder.c(12): error:  #268: declaration may not appear after executable statement in block
command_decoder.c(13): error:  #268: declaration may not appear after executable statement in block
".\ORLOWSKI.axf" - 4 Errors, 0 Warning(s).
Target not created
Rebuild target 'Target 1'
assembling Startup.s...
compiling keyboard.c...
compiling led.c...
compiling main.c...
compiling timer.c...
compiling timer_interrupts.c...
compiling servo.c...
compiling uart.c...
compiling string.c...
compiling command_decoder.c...
command_decoder.c(13): error:  #268: declaration may not appear after executable statement in block
command_decoder.c(14): error:  #268: declaration may not appear after executable statement in block
command_decoder.c(15): error:  #268: declaration may not appear after executable statement in block
".\ORLOWSKI.axf" - 3 Errors, 0 Warning(s).
Target not created
Rebuild target 'Target 1'
assembling Startup.s...
compiling keyboard.c...
compiling led.c...
compiling main.c...
compiling timer.c...
compiling timer_interrupts.c...
compiling servo.c...
compiling uart.c...
compiling string.c...
compiling command_decoder.c...
linking...
.\ORLOWSKI.axf: Error: L6218E: Undefined symbol asToken (referred from main.o).
.\ORLOWSKI.axf: Error: L6218E: Undefined symbol asKeywordList (referred from command_decoder.o).
".\ORLOWSKI.axf" - 2 Errors, 0 Warning(s).
Target not created
Rebuild target 'Target 1'
assembling Startup.s...
compiling keyboard.c...
compiling led.c...
compiling main.c...
compiling timer.c...
compiling timer_interrupts.c...
compiling servo.c...
compiling uart.c...
compiling string.c...
compiling command_decoder.c...
linking...
.\ORLOWSKI.axf: Error: L6200E: Symbol ucTokenNr multiply defined (by command_decoder.o and main.o).
".\ORLOWSKI.axf" - 1 Errors, 0 Warning(s).
Target not created
Rebuild target 'Target 1'
assembling Startup.s...
compiling keyboard.c...
compiling led.c...
compiling main.c...
compiling timer.c...
compiling timer_interrupts.c...
compiling servo.c...
compiling uart.c...
compiling string.c...
compiling command_decoder.c...
linking...
Program Size: Code=3716 RO-data=32 RW-data=12 ZI-data=1388  
FromELF: creating hex file...
".\ORLOWSKI.axf" - 0 Errors, 0 Warning(s).
Rebuild target 'Target 1'
assembling Startup.s...
compiling keyboard.c...
compiling led.c...
compiling main.c...
compiling timer.c...
compiling timer_interrupts.c...
compiling servo.c...
compiling uart.c...
compiling string.c...
compiling command_decoder.c...
linking...
Program Size: Code=3716 RO-data=32 RW-data=12 ZI-data=1388  
FromELF: creating hex file...
".\ORLOWSKI.axf" - 0 Errors, 0 Warning(s).
Rebuild target 'Target 1'
assembling Startup.s...
compiling keyboard.c...
compiling led.c...
compiling main.c...
compiling timer.c...
compiling timer_interrupts.c...
compiling servo.c...
compiling uart.c...
uart.c(59): error:  #25: quoted string should contain at least one character
compiling string.c...
compiling command_decoder.c...
".\ORLOWSKI.axf" - 1 Errors, 0 Warning(s).
Target not created
Rebuild target 'Target 1'
assembling Startup.s...
compiling keyboard.c...
compiling led.c...
compiling main.c...
compiling timer.c...
compiling timer_interrupts.c...
compiling servo.c...
compiling uart.c...
uart.c(59): error:  #20: identifier "CR" is undefined
compiling string.c...
compiling command_decoder.c...
".\ORLOWSKI.axf" - 1 Errors, 0 Warning(s).
Target not created
Rebuild target 'Target 1'
assembling Startup.s...
compiling keyboard.c...
compiling led.c...
compiling main.c...
compiling timer.c...
compiling timer_interrupts.c...
compiling servo.c...
compiling uart.c...
compiling string.c...
compiling command_decoder.c...
linking...
Program Size: Code=3716 RO-data=32 RW-data=12 ZI-data=1388  
FromELF: creating hex file...
".\ORLOWSKI.axf" - 0 Errors, 0 Warning(s).
Rebuild target 'Target 1'
assembling Startup.s...
compiling keyboard.c...
compiling led.c...
compiling main.c...
compiling timer.c...
compiling timer_interrupts.c...
compiling servo.c...
compiling uart.c...
uart.c(59): warning:  #2548-D: multicharacter character literal (potential portability problem)
compiling string.c...
compiling command_decoder.c...
linking...
Program Size: Code=3720 RO-data=32 RW-data=12 ZI-data=1388  
FromELF: creating hex file...
".\ORLOWSKI.axf" - 0 Errors, 1 Warning(s).
Rebuild target 'Target 1'
assembling Startup.s...
compiling keyboard.c...
compiling led.c...
compiling main.c...
compiling timer.c...
compiling timer_interrupts.c...
compiling servo.c...
compiling uart.c...
compiling string.c...
compiling command_decoder.c...
linking...
Program Size: Code=3716 RO-data=32 RW-data=12 ZI-data=1388  
FromELF: creating hex file...
".\ORLOWSKI.axf" - 0 Errors, 0 Warning(s).
Rebuild target 'Target 1'
assembling Startup.s...
compiling keyboard.c...
compiling led.c...
compiling main.c...
compiling timer.c...
compiling timer_interrupts.c...
compiling servo.c...
compiling uart.c...
compiling string.c...
compiling command_decoder.c...
linking...
Program Size: Code=3716 RO-data=32 RW-data=12 ZI-data=1388  
FromELF: creating hex file...
".\ORLOWSKI.axf" - 0 Errors, 0 Warning(s).
Rebuild target 'Target 1'
assembling Startup.s...
compiling keyboard.c...
compiling led.c...
compiling main.c...
compiling timer.c...
compiling timer_interrupts.c...
compiling servo.c...
compiling uart.c...
compiling string.c...
compiling command_decoder.c...
linking...
Program Size: Code=3716 RO-data=32 RW-data=12 ZI-data=1388  
FromELF: creating hex file...
".\ORLOWSKI.axf" - 0 Errors, 0 Warning(s).
Rebuild target 'Target 1'
assembling Startup.s...
compiling keyboard.c...
compiling led.c...
compiling main.c...
compiling timer.c...
compiling timer_interrupts.c...
compiling servo.c...
compiling uart.c...
compiling string.c...
compiling command_decoder.c...
linking...
Program Size: Code=3716 RO-data=32 RW-data=12 ZI-data=1388  
FromELF: creating hex file...
".\ORLOWSKI.axf" - 0 Errors, 0 Warning(s).
Rebuild target 'Target 1'
assembling Startup.s...
compiling keyboard.c...
compiling led.c...
compiling main.c...
compiling timer.c...
compiling timer_interrupts.c...
compiling servo.c...
compiling uart.c...
compiling string.c...
compiling command_decoder.c...
linking...
Program Size: Code=3716 RO-data=32 RW-data=12 ZI-data=1388  
FromELF: creating hex file...
".\ORLOWSKI.axf" - 0 Errors, 0 Warning(s).
