<html>
<body>
<pre>
<h1>µVision Build Log</h1>
<h2>Project:</h2>
C:\Users\Rejmi\Documents\STUDIA\S2\Systemy wbudowane\mtm_ppsw\Archive\11_RECEIVE_CHAR_STRING\11.3\ORLOWSKI.uvproj
Project File Date:  12/08/2020

<h2>Output:</h2>
Rebuild target 'Target 1'
assembling Startup.s...
compiling keyboard.c...
compiling led.c...
compiling main.c...
compiling timer.c...
compiling timer_interrupts.c...
compiling servo.c...
compiling uart.c...
compiling string.c...
compiling command_decoder.c...
linking...
Program Size: Code=3716 RO-data=32 RW-data=12 ZI-data=1388  
FromELF: creating hex file...
".\ORLOWSKI.axf" - 0 Errors, 0 Warning(s).
