<html>
<body>
<pre>
<h1>µVision Build Log</h1>
<h2>Project:</h2>
C:\Users\Rejmi\Documents\STUDIA\2 semestr\Systemy wbudowane\mtm_ppsw\Archive\8_Interrupts\8.1\ORLOWSKI.uvproj
Project File Date:  05/23/2019

<h2>Output:</h2>
Rebuild target 'Target 1'
assembling Startup.s...
compiling keyboard.c...
compiling led.c...
compiling main.c...
main.c(24): warning:  #223-D: function "Led_StepRight" declared implicitly
main.c(54): warning:  #1-D: last line of file ends without a newline
compiling timer.c...
linking...
.\ORLOWSKI.axf: Error: L6218E: Undefined symbol Led_StepRight (referred from main.o).
".\ORLOWSKI.axf" - 1 Errors, 2 Warning(s).
Target not created
Rebuild target 'Target 1'
assembling Startup.s...
compiling keyboard.c...
compiling led.c...
compiling main.c...
compiling timer.c...
linking...
Program Size: Code=1196 RO-data=32 RW-data=4 ZI-data=1260  
FromELF: creating hex file...
".\ORLOWSKI.axf" - 0 Errors, 0 Warning(s).
