<html>
<body>
<pre>
<h1>µVision Build Log</h1>
<h2>Project:</h2>
C:\Users\Rejmi\Documents\STUDIA\2 semestr\Systemy wbudowane\mtm_ppsw\Archive\8_Interrupts\8.5\ORLOWSKI.uvproj
Project File Date:  05/23/2019

<h2>Output:</h2>
Rebuild target 'Target 1'
assembling Startup.s...
compiling keyboard.c...
compiling led.c...
compiling main.c...
compiling timer.c...
compiling timer_interrupts.c...
linking...
Program Size: Code=1524 RO-data=32 RW-data=8 ZI-data=1256  
FromELF: creating hex file...
".\ORLOWSKI.axf" - 0 Errors, 0 Warning(s).
Rebuild target 'Target 1'
assembling Startup.s...
compiling keyboard.c...
compiling led.c...
compiling main.c...
compiling timer.c...
compiling timer_interrupts.c...
linking...
Program Size: Code=1524 RO-data=32 RW-data=8 ZI-data=1256  
FromELF: creating hex file...
".\ORLOWSKI.axf" - 0 Errors, 0 Warning(s).
